// Aurum to C transpiled code
#define uint32 int

uint32 main(uint32 argc) {
  uint32 x = factorial(argc);
  uint32 y;
  (y = x);
  y++;
  return y;
}

uint32 factorial(uint32 var) {
  if ((var == 0)) {
    return 1;
  };
  return (var * factorial((var - 1)));
}

// End of C code
